// Jest Snapshot v1, https://goo.gl/fbAQLP

exports[`Header Header basic render snapshoot 1`] = `
<div
  className="header"
>
  <cabify.svg
    alt=""
    className="header__logo"
  />
</div>
`;
